{
    "-profile test_doubleprimers": {
        "content": [
            44,
            {
                "BARRNAP": {
                    "barrnap": 0.9
                },
                "BARRNAPSUMMARY": {
                    "python": "Python 3.9.1"
                },
                "CUTADAPT_BASIC": {
                    "cutadapt": 4.6
                },
                "CUTADAPT_SUMMARY_DOUBLEPRIMER": {
                    "python": "Python 3.8.3"
                },
                "CUTADAPT_SUMMARY_MERGE": {
                    "R": "4.3.2"
                },
                "CUTADAPT_SUMMARY_STD": {
                    "python": "Python 3.8.3"
                },
                "DADA2_DENOISING": {
                    "R": "4.3.2",
                    "dada2": "1.30.0"
                },
                "DADA2_ERR": {
                    "R": "4.3.2",
                    "dada2": "1.30.0"
                },
                "DADA2_FILTNTRIM": {
                    "R": "4.3.2",
                    "dada2": "1.30.0"
                },
                "DADA2_MERGE": {
                    "R": "4.1.1",
                    "dada2": "1.22.0"
                },
                "DADA2_QUALITY1": {
                    "R": "4.3.2",
                    "dada2": "1.30.0",
                    "ShortRead": "1.60.0"
                },
                "DADA2_QUALITY2": {
                    "R": "4.3.2",
                    "dada2": "1.30.0",
                    "ShortRead": "1.60.0"
                },
                "DADA2_RMCHIMERA": {
                    "R": "4.3.2",
                    "dada2": "1.30.0"
                },
                "DADA2_STATS": {
                    "R": "4.3.2",
                    "dada2": "1.30.0"
                },
                "FILTER_STATS": {
                    "python": "3.9.1",
                    "pandas": "1.1.5"
                },
                "KRAKEN2_KRAKEN2": {
                    "kraken2": "2.1.3",
                    "pigz": 2.8
                },
                "MERGE_STATS_FILTERTAXA": {
                    "R": "4.3.2"
                },
                "MERGE_STATS_STD": {
                    "R": "4.3.2"
                },
                "PHYLOSEQ": {
                    "R": "4.3.2",
                    "phyloseq": "1.46.0"
                },
                "QIIME2_BARPLOT": {
                    "qiime2": "2024.10.1"
                },
                "QIIME2_EXPORT_ABSOLUTE": {
                    "qiime2": "2024.10.1"
                },
                "QIIME2_EXPORT_RELASV": {
                    "qiime2": "2024.10.1"
                },
                "QIIME2_EXPORT_RELTAX": {
                    "qiime2": "2024.10.1"
                },
                "QIIME2_INASV": {
                    "qiime2": "2024.10.1"
                },
                "QIIME2_INSEQ": {
                    "qiime2": "2024.10.1"
                },
                "QIIME2_SEQFILTERTABLE": {
                    "qiime2": "2024.10.1"
                },
                "QIIME2_TABLEFILTERTAXA": {
                    "qiime2": "2024.10.1"
                },
                "RENAME_RAW_DATA_FILES": {
                    "sed": 4.7
                },
                "TREESUMMARIZEDEXPERIMENT": {
                    "R": "4.3.2",
                    "TreeSummarizedExperiment": "2.10.0"
                },
                "TRUNCLEN": {
                    "python": "3.9.1",
                    "pandas": "1.1.5"
                },
                "UNTAR": {
                    "untar": 1.3
                },
                "Workflow": {
                    "nf-core/ampliseq": "v2.15.0dev"
                }
            },
            [
                "barrnap",
                "barrnap/rrna.arc.gff",
                "barrnap/rrna.bac.gff",
                "barrnap/rrna.euk.gff",
                "barrnap/rrna.mito.gff",
                "barrnap/summary.tsv",
                "cutadapt",
                "cutadapt/cutadapt_summary.tsv",
                "cutadapt/doubleprimer1.double-primer.cutadapt.log",
                "cutadapt/doubleprimer1.trimmed.cutadapt.log",
                "cutadapt/doubleprimer2.double-primer.cutadapt.log",
                "cutadapt/doubleprimer2.trimmed.cutadapt.log",
                "dada2",
                "dada2/ASV_seqs.fasta",
                "dada2/ASV_table.tsv",
                "dada2/DADA2_stats.tsv",
                "dada2/DADA2_table.rds",
                "dada2/DADA2_table.tsv",
                "dada2/QC",
                "dada2/QC/1_1.err.convergence.txt",
                "dada2/QC/1_1.err.pdf",
                "dada2/QC/1_2.err.convergence.txt",
                "dada2/QC/1_2.err.pdf",
                "dada2/QC/2 files were used for FW plotQualityProfile.txt",
                "dada2/QC/2 files were used for RV plotQualityProfile.txt",
                "dada2/QC/FW_preprocessed_qual_stats.pdf",
                "dada2/QC/FW_qual_stats.pdf",
                "dada2/QC/RV_preprocessed_qual_stats.pdf",
                "dada2/QC/RV_qual_stats.pdf",
                "dada2/QC/svg",
                "dada2/QC/svg/1_1.err.svg",
                "dada2/QC/svg/1_2.err.svg",
                "dada2/QC/svg/FW_preprocessed_qual_stats.svg",
                "dada2/QC/svg/FW_qual_stats.svg",
                "dada2/QC/svg/RV_preprocessed_qual_stats.svg",
                "dada2/QC/svg/RV_qual_stats.svg",
                "dada2/args",
                "dada2/args/FW_plotQualityProfile.args.txt",
                "dada2/args/FW_preprocessed_plotQualityProfile.args.txt",
                "dada2/args/RV_plotQualityProfile.args.txt",
                "dada2/args/RV_preprocessed_plotQualityProfile.args.txt",
                "dada2/args/dada.args.txt",
                "dada2/args/filterAndTrim.args.txt",
                "dada2/args/learnErrors.args.txt",
                "dada2/args/mergePairs.args.txt",
                "dada2/args/removeBimeraDenovo.args.txt",
                "dada2/log",
                "dada2/log/1.dada.log",
                "dada2/log/1.err.log",
                "input",
                "input/Samplesheet_double_primer.tsv",
                "kraken2",
                "kraken2/ASV_tax.greengenes.kraken2.classifiedreads.txt",
                "kraken2/ASV_tax.greengenes.kraken2.complete.tsv",
                "kraken2/ASV_tax.greengenes.kraken2.into-qiime2.tsv",
                "kraken2/ASV_tax.greengenes.kraken2.keys.tsv",
                "kraken2/ASV_tax.greengenes.kraken2.report.txt",
                "kraken2/ASV_tax.greengenes.kraken2.tsv",
                "multiqc",
                "multiqc/multiqc_data",
                "multiqc/multiqc_data/cutadapt_filtered_reads_plot.txt",
                "multiqc/multiqc_data/cutadapt_trimmed_sequences_plot_5_Counts.txt",
                "multiqc/multiqc_data/cutadapt_trimmed_sequences_plot_5_Obs_Exp.txt",
                "multiqc/multiqc_data/multiqc.log",
                "multiqc/multiqc_data/multiqc_citations.txt",
                "multiqc/multiqc_data/multiqc_cutadapt.txt",
                "multiqc/multiqc_data/multiqc_data.json",
                "multiqc/multiqc_data/multiqc_general_stats.txt",
                "multiqc/multiqc_data/multiqc_sources.txt",
                "multiqc/multiqc_plots",
                "multiqc/multiqc_plots/pdf",
                "multiqc/multiqc_plots/pdf/cutadapt_filtered_reads_plot-cnt.pdf",
                "multiqc/multiqc_plots/pdf/cutadapt_filtered_reads_plot-pct.pdf",
                "multiqc/multiqc_plots/pdf/cutadapt_trimmed_sequences_plot_5_Counts.pdf",
                "multiqc/multiqc_plots/pdf/cutadapt_trimmed_sequences_plot_5_Obs_Exp.pdf",
                "multiqc/multiqc_plots/pdf/general_stats_table.pdf",
                "multiqc/multiqc_plots/png",
                "multiqc/multiqc_plots/png/cutadapt_filtered_reads_plot-cnt.png",
                "multiqc/multiqc_plots/png/cutadapt_filtered_reads_plot-pct.png",
                "multiqc/multiqc_plots/png/cutadapt_trimmed_sequences_plot_5_Counts.png",
                "multiqc/multiqc_plots/png/cutadapt_trimmed_sequences_plot_5_Obs_Exp.png",
                "multiqc/multiqc_plots/png/general_stats_table.png",
                "multiqc/multiqc_plots/svg",
                "multiqc/multiqc_plots/svg/cutadapt_filtered_reads_plot-cnt.svg",
                "multiqc/multiqc_plots/svg/cutadapt_filtered_reads_plot-pct.svg",
                "multiqc/multiqc_plots/svg/cutadapt_trimmed_sequences_plot_5_Counts.svg",
                "multiqc/multiqc_plots/svg/cutadapt_trimmed_sequences_plot_5_Obs_Exp.svg",
                "multiqc/multiqc_plots/svg/general_stats_table.svg",
                "multiqc/multiqc_report.html",
                "overall_summary.tsv",
                "phyloseq",
                "phyloseq/kraken2_phyloseq.rds",
                "pipeline_info",
                "pipeline_info/software_versions.yml",
                "qiime2",
                "qiime2/abundance_tables",
                "qiime2/abundance_tables/abs-abund-table-2.tsv",
                "qiime2/abundance_tables/abs-abund-table-3.tsv",
                "qiime2/abundance_tables/abs-abund-table-4.tsv",
                "qiime2/abundance_tables/abs-abund-table-5.tsv",
                "qiime2/abundance_tables/abs-abund-table-6.tsv",
                "qiime2/abundance_tables/count_table_filter_stats.tsv",
                "qiime2/abundance_tables/feature-table.biom",
                "qiime2/abundance_tables/feature-table.tsv",
                "qiime2/abundance_tables/filtered-table.qza",
                "qiime2/barplot",
                "qiime2/barplot/dist",
                "qiime2/barplot/dist/bundle.js",
                "qiime2/barplot/dist/d3-license.txt",
                "qiime2/barplot/dist/d3-scale-chromatic-license.txt",
                "qiime2/barplot/dist/thenBy-license.txt",
                "qiime2/barplot/dist/vendor.bundle.js",
                "qiime2/barplot/index.html",
                "qiime2/barplot/level-1.csv",
                "qiime2/barplot/level-1.jsonp",
                "qiime2/barplot/level-2.csv",
                "qiime2/barplot/level-2.jsonp",
                "qiime2/barplot/level-3.csv",
                "qiime2/barplot/level-3.jsonp",
                "qiime2/barplot/level-4.csv",
                "qiime2/barplot/level-4.jsonp",
                "qiime2/barplot/level-5.csv",
                "qiime2/barplot/level-5.jsonp",
                "qiime2/barplot/level-6.csv",
                "qiime2/barplot/level-6.jsonp",
                "qiime2/barplot/level-7.csv",
                "qiime2/barplot/level-7.jsonp",
                "qiime2/barplot/q2templateassets",
                "qiime2/barplot/q2templateassets/css",
                "qiime2/barplot/q2templateassets/css/base-template.css",
                "qiime2/barplot/q2templateassets/css/bootstrap.min.css",
                "qiime2/barplot/q2templateassets/css/normalize.css",
                "qiime2/barplot/q2templateassets/css/tab-parent.css",
                "qiime2/barplot/q2templateassets/fonts",
                "qiime2/barplot/q2templateassets/fonts/glyphicons-halflings-regular.eot",
                "qiime2/barplot/q2templateassets/fonts/glyphicons-halflings-regular.svg",
                "qiime2/barplot/q2templateassets/fonts/glyphicons-halflings-regular.ttf",
                "qiime2/barplot/q2templateassets/fonts/glyphicons-halflings-regular.woff",
                "qiime2/barplot/q2templateassets/fonts/glyphicons-halflings-regular.woff2",
                "qiime2/barplot/q2templateassets/img",
                "qiime2/barplot/q2templateassets/img/qiime2-rect-200.png",
                "qiime2/barplot/q2templateassets/js",
                "qiime2/barplot/q2templateassets/js/bootstrap.min.js",
                "qiime2/barplot/q2templateassets/js/child.js",
                "qiime2/barplot/q2templateassets/js/jquery-3.2.0.min.js",
                "qiime2/barplot/q2templateassets/js/parent.js",
                "qiime2/input",
                "qiime2/input/rep-seqs.qza",
                "qiime2/input/table.qza",
                "qiime2/input/taxonomy.qza",
                "qiime2/rel_abundance_tables",
                "qiime2/rel_abundance_tables/rel-table-2.tsv",
                "qiime2/rel_abundance_tables/rel-table-3.tsv",
                "qiime2/rel_abundance_tables/rel-table-4.tsv",
                "qiime2/rel_abundance_tables/rel-table-5.tsv",
                "qiime2/rel_abundance_tables/rel-table-6.tsv",
                "qiime2/rel_abundance_tables/rel-table-ASV.tsv",
                "qiime2/representative_sequences",
                "qiime2/representative_sequences/descriptive_stats.tsv",
                "qiime2/representative_sequences/filtered-sequences.qza",
                "qiime2/representative_sequences/rep-seq.fasta",
                "qiime2/representative_sequences/seven_number_summary.tsv",
                "summary_report",
                "summary_report/kraken2_taxonomic_classification_per_taxonomy_level.svg",
                "summary_report/rrna_detection_with_barrnap.svg",
                "summary_report/stacked_barchart_of_reads.svg",
                "summary_report/summary_report.html",
                "summary_report/versions.yml",
                "treesummarizedexperiment",
                "treesummarizedexperiment/kraken2_TreeSummarizedExperiment.rds"
            ],
            "overall_summary.tsv:md5,19d8b19b8f406d238011c2b3d384b7d3",
            "rrna.arc.gff:md5,fbe6bb4c5527c0099577af622e35af67",
            "rrna.bac.gff:md5,05ddde74c06bb7377f2087a90e3ee1c3",
            "rrna.euk.gff:md5,df19e1b84ba6f691d20c72b397c88abf",
            "rrna.mito.gff:md5,04be33c4213eb82f66cf0652fe9e32d8",
            "cutadapt_summary.tsv:md5,ba0452e3edde6300fd111ad0e5b8e206",
            "ASV_seqs.fasta:md5,bde6052256e9994a8ba6d4dd45d992e3",
            "ASV_table.tsv:md5,223eb043a32a1ce932e2e515c00125e6",
            "DADA2_stats.tsv:md5,89a8bbd8f229ba75268098078fb254de",
            "DADA2_table.rds:md5,e527269819e4056eed063dca9f25e3e7",
            "DADA2_table.tsv:md5,d30d5d392665181abddcf8ba5bdda102",
            "Samplesheet_double_primer.tsv:md5,cd63754fefa6e844a758efb893660f97",
            "ASV_tax.greengenes.kraken2.classifiedreads.txt:md5,9cbbe5e45608f14fe4d8ca32c3ad6518",
            "ASV_tax.greengenes.kraken2.complete.tsv:md5,cbdd1db05ba897ac9972b106a8138956",
            "ASV_tax.greengenes.kraken2.tsv:md5,87f748440bf5b3ce1c73029c495ff6e9",
            "multiqc_general_stats.txt:md5,87461482b83b797b1c6b139a0cf3164e",
            "multiqc_cutadapt.txt:md5,f022f739ce976fd43677d8889c7ba54b"
        ],
        "meta": {
            "nf-test": "0.9.2",
            "nextflow": "25.04.2"
        },
        "timestamp": "2025-06-12T15:46:36.660755102"
    }
}