{
    "-profile test_multiregion": {
        "content": [
            139,
            {
                "CUTADAPT_BASIC": {
                    "cutadapt": 4.6
                },
                "CUTADAPT_SUMMARY_STD": {
                    "python": "Python 3.8.3"
                },
                "DADA2_DENOISING": {
                    "R": "4.3.2",
                    "dada2": "1.30.0"
                },
                "DADA2_ERR": {
                    "R": "4.3.2",
                    "dada2": "1.30.0"
                },
                "DADA2_FILTNTRIM": {
                    "R": "4.3.2",
                    "dada2": "1.30.0"
                },
                "DADA2_MERGE": {
                    "R": "4.1.1",
                    "dada2": "1.22.0"
                },
                "DADA2_QUALITY1": {
                    "R": "4.3.2",
                    "dada2": "1.30.0",
                    "ShortRead": "1.60.0"
                },
                "DADA2_QUALITY2": {
                    "R": "4.3.2",
                    "dada2": "1.30.0",
                    "ShortRead": "1.60.0"
                },
                "DADA2_RMCHIMERA": {
                    "R": "4.3.2",
                    "dada2": "1.30.0"
                },
                "DADA2_SPLITREGIONS": {
                    "R": "4.2.1"
                },
                "DADA2_STATS": {
                    "R": "4.3.2",
                    "dada2": "1.30.0"
                },
                "FASTQC": {
                    "fastqc": "0.12.1"
                },
                "FILTER_STATS": {
                    "python": "3.9.1",
                    "pandas": "1.1.5"
                },
                "FORMAT_TAXONOMY_SIDLE": {
                    "bash": "5.0.16"
                },
                "MERGE_STATS_FILTERTAXA": {
                    "R": "4.3.2"
                },
                "MERGE_STATS_STD": {
                    "R": "4.3.2"
                },
                "METADATA_ALL": {
                    "R": "4.3.2"
                },
                "METADATA_PAIRWISE": {
                    "R": "4.3.2"
                },
                "QIIME2_ANCOM_ASV": {
                    "qiime2": "2024.10.1"
                },
                "QIIME2_ANCOM_TAX": {
                    "qiime2": "2024.10.1"
                },
                "QIIME2_BARPLOT": {
                    "qiime2": "2024.10.1"
                },
                "QIIME2_EXPORT_RELASV": {
                    "qiime2": "2024.10.1"
                },
                "QIIME2_EXPORT_RELTAX": {
                    "qiime2": "2024.10.1"
                },
                "QIIME2_FILTERSAMPLES_ANCOM": {
                    "qiime2": "2024.10.1"
                },
                "QIIME2_INASV": {
                    "qiime2": "2024.10.1"
                },
                "QIIME2_TABLEFILTERTAXA": {
                    "qiime2": "2024.10.1"
                },
                "RENAME_RAW_DATA_FILES": {
                    "sed": 4.7
                },
                "SIDLE_ALIGN": {
                    "qiime2": "2021.4.0",
                    "qiime2 plugin sidle": 2020.08,
                    "q2-sidle": "2021.2.dev0"
                },
                "SIDLE_DBEXTRACT": {
                    "qiime2": "2021.4.0",
                    "qiime2 plugin sidle": 2020.08,
                    "q2-sidle": "2021.2.dev0"
                },
                "SIDLE_DBFILT": {
                    "qiime2": "2021.4.0",
                    "qiime2 rescript": "2021.4.0.dev0+6.g073ccf0"
                },
                "SIDLE_DBRECON": {
                    "qiime2": "2021.4.0",
                    "qiime2 plugin sidle": 2020.08,
                    "q2-sidle": "2021.2.dev0"
                },
                "SIDLE_FILTTAX": {
                    "R": "4.0.3"
                },
                "SIDLE_IN": {
                    "qiime2": "2021.4.0"
                },
                "SIDLE_INDB": {
                    "qiime2": "2021.4.0"
                },
                "SIDLE_INDBALIGNED": {
                    "qiime2": "2021.4.0"
                },
                "SIDLE_SEQRECON": {
                    "qiime2": "2021.4.0",
                    "qiime2 plugin sidle": 2020.08,
                    "q2-sidle": "2021.2.dev0"
                },
                "SIDLE_TABLERECON": {
                    "qiime2": "2021.4.0",
                    "qiime2 plugin sidle": 2020.08,
                    "q2-sidle": "2021.2.dev0"
                },
                "SIDLE_TAXRECON": {
                    "qiime2": "2021.4.0",
                    "qiime2 plugin sidle": 2020.08,
                    "q2-sidle": "2021.2.dev0"
                },
                "SIDLE_TRIM": {
                    "qiime2": "2021.4.0",
                    "qiime2 plugin sidle": 2020.08,
                    "q2-sidle": "2021.2.dev0"
                },
                "TRUNCLEN": {
                    "python": "3.9.1",
                    "pandas": "1.1.5"
                },
                "Workflow": {
                    "nf-core/ampliseq": "v2.15.0dev"
                }
            },
            [
                "cutadapt",
                "cutadapt/cutadapt_summary.tsv",
                "cutadapt/set1_ACTCCTACGGGAGGCAGC_GTATTACCGCGGCTGCTG.trimmed.cutadapt.log",
                "cutadapt/set1_GGAGCATGTGGWTTAATTCGA_CGTTGCGGGACTTAACCC.trimmed.cutadapt.log",
                "cutadapt/set1_GGAGGAAGGTGGGGATGAC_AAGGCCCGGGAACGTATT.trimmed.cutadapt.log",
                "cutadapt/set1_GTGTAGCGGTGRAATGCG_CCCGTCAATTCMTTTGAGTT.trimmed.cutadapt.log",
                "cutadapt/set1_TGGCGAACGGGTGAGTAA_CCGTGTCTCAGTCCCARTG.trimmed.cutadapt.log",
                "cutadapt/set2_ACTCCTACGGGAGGCAGC_GTATTACCGCGGCTGCTG.trimmed.cutadapt.log",
                "cutadapt/set2_GGAGCATGTGGWTTAATTCGA_CGTTGCGGGACTTAACCC.trimmed.cutadapt.log",
                "cutadapt/set2_GGAGGAAGGTGGGGATGAC_AAGGCCCGGGAACGTATT.trimmed.cutadapt.log",
                "cutadapt/set2_GTGTAGCGGTGRAATGCG_CCCGTCAATTCMTTTGAGTT.trimmed.cutadapt.log",
                "cutadapt/set2_TGGCGAACGGGTGAGTAA_CCGTGTCTCAGTCCCARTG.trimmed.cutadapt.log",
                "cutadapt/set3_ACTCCTACGGGAGGCAGC_GTATTACCGCGGCTGCTG.trimmed.cutadapt.log",
                "cutadapt/set3_GGAGCATGTGGWTTAATTCGA_CGTTGCGGGACTTAACCC.trimmed.cutadapt.log",
                "cutadapt/set3_GGAGGAAGGTGGGGATGAC_AAGGCCCGGGAACGTATT.trimmed.cutadapt.log",
                "cutadapt/set3_GTGTAGCGGTGRAATGCG_CCCGTCAATTCMTTTGAGTT.trimmed.cutadapt.log",
                "cutadapt/set3_TGGCGAACGGGTGAGTAA_CCGTGTCTCAGTCCCARTG.trimmed.cutadapt.log",
                "dada2",
                "dada2/ASV_seqs.fasta",
                "dada2/ASV_table.tsv",
                "dada2/DADA2_stats.tsv",
                "dada2/DADA2_table.rds",
                "dada2/DADA2_table.tsv",
                "dada2/QC",
                "dada2/QC/15 files were used for FW plotQualityProfile.txt",
                "dada2/QC/15 files were used for RV plotQualityProfile.txt",
                "dada2/QC/FW_preprocessed_qual_stats.pdf",
                "dada2/QC/FW_qual_stats.pdf",
                "dada2/QC/RV_preprocessed_qual_stats.pdf",
                "dada2/QC/RV_qual_stats.pdf",
                "dada2/QC/region-1_run-1_1.err.convergence.txt",
                "dada2/QC/region-1_run-1_1.err.pdf",
                "dada2/QC/region-1_run-1_2.err.convergence.txt",
                "dada2/QC/region-1_run-1_2.err.pdf",
                "dada2/QC/region-2_run-1_1.err.convergence.txt",
                "dada2/QC/region-2_run-1_1.err.pdf",
                "dada2/QC/region-2_run-1_2.err.convergence.txt",
                "dada2/QC/region-2_run-1_2.err.pdf",
                "dada2/QC/region-3_run-1_1.err.convergence.txt",
                "dada2/QC/region-3_run-1_1.err.pdf",
                "dada2/QC/region-3_run-1_2.err.convergence.txt",
                "dada2/QC/region-3_run-1_2.err.pdf",
                "dada2/QC/region-4_run-1_1.err.convergence.txt",
                "dada2/QC/region-4_run-1_1.err.pdf",
                "dada2/QC/region-4_run-1_2.err.convergence.txt",
                "dada2/QC/region-4_run-1_2.err.pdf",
                "dada2/QC/region-5_run-1_1.err.convergence.txt",
                "dada2/QC/region-5_run-1_1.err.pdf",
                "dada2/QC/region-5_run-1_2.err.convergence.txt",
                "dada2/QC/region-5_run-1_2.err.pdf",
                "dada2/QC/svg",
                "dada2/QC/svg/FW_preprocessed_qual_stats.svg",
                "dada2/QC/svg/FW_qual_stats.svg",
                "dada2/QC/svg/RV_preprocessed_qual_stats.svg",
                "dada2/QC/svg/RV_qual_stats.svg",
                "dada2/QC/svg/region-1_run-1_1.err.svg",
                "dada2/QC/svg/region-1_run-1_2.err.svg",
                "dada2/QC/svg/region-2_run-1_1.err.svg",
                "dada2/QC/svg/region-2_run-1_2.err.svg",
                "dada2/QC/svg/region-3_run-1_1.err.svg",
                "dada2/QC/svg/region-3_run-1_2.err.svg",
                "dada2/QC/svg/region-4_run-1_1.err.svg",
                "dada2/QC/svg/region-4_run-1_2.err.svg",
                "dada2/QC/svg/region-5_run-1_1.err.svg",
                "dada2/QC/svg/region-5_run-1_2.err.svg",
                "dada2/args",
                "dada2/args/FW_plotQualityProfile.args.txt",
                "dada2/args/FW_preprocessed_plotQualityProfile.args.txt",
                "dada2/args/RV_plotQualityProfile.args.txt",
                "dada2/args/RV_preprocessed_plotQualityProfile.args.txt",
                "dada2/args/dada.args.txt",
                "dada2/args/filterAndTrim.args.txt",
                "dada2/args/learnErrors.args.txt",
                "dada2/args/mergePairs.args.txt",
                "dada2/args/removeBimeraDenovo.args.txt",
                "dada2/log",
                "dada2/log/region-1_run-1.dada.log",
                "dada2/log/region-1_run-1.err.log",
                "dada2/log/region-2_run-1.dada.log",
                "dada2/log/region-2_run-1.err.log",
                "dada2/log/region-3_run-1.dada.log",
                "dada2/log/region-3_run-1.err.log",
                "dada2/log/region-4_run-1.dada.log",
                "dada2/log/region-4_run-1.err.log",
                "dada2/log/region-5_run-1.dada.log",
                "dada2/log/region-5_run-1.err.log",
                "fastqc",
                "fastqc/set1_ACTCCTACGGGAGGCAGC_GTATTACCGCGGCTGCTG_1_fastqc.html",
                "fastqc/set1_ACTCCTACGGGAGGCAGC_GTATTACCGCGGCTGCTG_2_fastqc.html",
                "fastqc/set1_GGAGCATGTGGWTTAATTCGA_CGTTGCGGGACTTAACCC_1_fastqc.html",
                "fastqc/set1_GGAGCATGTGGWTTAATTCGA_CGTTGCGGGACTTAACCC_2_fastqc.html",
                "fastqc/set1_GGAGGAAGGTGGGGATGAC_AAGGCCCGGGAACGTATT_1_fastqc.html",
                "fastqc/set1_GGAGGAAGGTGGGGATGAC_AAGGCCCGGGAACGTATT_2_fastqc.html",
                "fastqc/set1_GTGTAGCGGTGRAATGCG_CCCGTCAATTCMTTTGAGTT_1_fastqc.html",
                "fastqc/set1_GTGTAGCGGTGRAATGCG_CCCGTCAATTCMTTTGAGTT_2_fastqc.html",
                "fastqc/set1_TGGCGAACGGGTGAGTAA_CCGTGTCTCAGTCCCARTG_1_fastqc.html",
                "fastqc/set1_TGGCGAACGGGTGAGTAA_CCGTGTCTCAGTCCCARTG_2_fastqc.html",
                "fastqc/set2_ACTCCTACGGGAGGCAGC_GTATTACCGCGGCTGCTG_1_fastqc.html",
                "fastqc/set2_ACTCCTACGGGAGGCAGC_GTATTACCGCGGCTGCTG_2_fastqc.html",
                "fastqc/set2_GGAGCATGTGGWTTAATTCGA_CGTTGCGGGACTTAACCC_1_fastqc.html",
                "fastqc/set2_GGAGCATGTGGWTTAATTCGA_CGTTGCGGGACTTAACCC_2_fastqc.html",
                "fastqc/set2_GGAGGAAGGTGGGGATGAC_AAGGCCCGGGAACGTATT_1_fastqc.html",
                "fastqc/set2_GGAGGAAGGTGGGGATGAC_AAGGCCCGGGAACGTATT_2_fastqc.html",
                "fastqc/set2_GTGTAGCGGTGRAATGCG_CCCGTCAATTCMTTTGAGTT_1_fastqc.html",
                "fastqc/set2_GTGTAGCGGTGRAATGCG_CCCGTCAATTCMTTTGAGTT_2_fastqc.html",
                "fastqc/set2_TGGCGAACGGGTGAGTAA_CCGTGTCTCAGTCCCARTG_1_fastqc.html",
                "fastqc/set2_TGGCGAACGGGTGAGTAA_CCGTGTCTCAGTCCCARTG_2_fastqc.html",
                "fastqc/set3_ACTCCTACGGGAGGCAGC_GTATTACCGCGGCTGCTG_1_fastqc.html",
                "fastqc/set3_ACTCCTACGGGAGGCAGC_GTATTACCGCGGCTGCTG_2_fastqc.html",
                "fastqc/set3_GGAGCATGTGGWTTAATTCGA_CGTTGCGGGACTTAACCC_1_fastqc.html",
                "fastqc/set3_GGAGCATGTGGWTTAATTCGA_CGTTGCGGGACTTAACCC_2_fastqc.html",
                "fastqc/set3_GGAGGAAGGTGGGGATGAC_AAGGCCCGGGAACGTATT_1_fastqc.html",
                "fastqc/set3_GGAGGAAGGTGGGGATGAC_AAGGCCCGGGAACGTATT_2_fastqc.html",
                "fastqc/set3_GTGTAGCGGTGRAATGCG_CCCGTCAATTCMTTTGAGTT_1_fastqc.html",
                "fastqc/set3_GTGTAGCGGTGRAATGCG_CCCGTCAATTCMTTTGAGTT_2_fastqc.html",
                "fastqc/set3_TGGCGAACGGGTGAGTAA_CCGTGTCTCAGTCCCARTG_1_fastqc.html",
                "fastqc/set3_TGGCGAACGGGTGAGTAA_CCGTGTCTCAGTCCCARTG_2_fastqc.html",
                "input",
                "input/metadata_multiregion.tsv",
                "input/regions_multiregion.tsv",
                "input/samplesheet_multiregion.tsv",
                "multiqc",
                "multiqc/multiqc_data",
                "multiqc/multiqc_data/cutadapt_filtered_reads_plot.txt",
                "multiqc/multiqc_data/cutadapt_trimmed_sequences_plot_5_Counts.txt",
                "multiqc/multiqc_data/cutadapt_trimmed_sequences_plot_5_Obs_Exp.txt",
                "multiqc/multiqc_data/fastqc-status-check-heatmap.txt",
                "multiqc/multiqc_data/fastqc_overrepresented_sequences_plot.txt",
                "multiqc/multiqc_data/fastqc_per_base_n_content_plot.txt",
                "multiqc/multiqc_data/fastqc_per_base_sequence_quality_plot.txt",
                "multiqc/multiqc_data/fastqc_per_sequence_gc_content_plot_Counts.txt",
                "multiqc/multiqc_data/fastqc_per_sequence_gc_content_plot_Percentages.txt",
                "multiqc/multiqc_data/fastqc_per_sequence_quality_scores_plot.txt",
                "multiqc/multiqc_data/fastqc_sequence_counts_plot.txt",
                "multiqc/multiqc_data/fastqc_sequence_duplication_levels_plot.txt",
                "multiqc/multiqc_data/fastqc_sequence_length_distribution_plot.txt",
                "multiqc/multiqc_data/fastqc_top_overrepresented_sequences_table.txt",
                "multiqc/multiqc_data/multiqc.log",
                "multiqc/multiqc_data/multiqc_citations.txt",
                "multiqc/multiqc_data/multiqc_cutadapt.txt",
                "multiqc/multiqc_data/multiqc_data.json",
                "multiqc/multiqc_data/multiqc_fastqc.txt",
                "multiqc/multiqc_data/multiqc_general_stats.txt",
                "multiqc/multiqc_data/multiqc_sources.txt",
                "multiqc/multiqc_plots",
                "multiqc/multiqc_plots/pdf",
                "multiqc/multiqc_plots/pdf/cutadapt_filtered_reads_plot-cnt.pdf",
                "multiqc/multiqc_plots/pdf/cutadapt_filtered_reads_plot-pct.pdf",
                "multiqc/multiqc_plots/pdf/cutadapt_trimmed_sequences_plot_5_Counts.pdf",
                "multiqc/multiqc_plots/pdf/cutadapt_trimmed_sequences_plot_5_Obs_Exp.pdf",
                "multiqc/multiqc_plots/pdf/fastqc-status-check-heatmap.pdf",
                "multiqc/multiqc_plots/pdf/fastqc_overrepresented_sequences_plot.pdf",
                "multiqc/multiqc_plots/pdf/fastqc_per_base_n_content_plot.pdf",
                "multiqc/multiqc_plots/pdf/fastqc_per_base_sequence_quality_plot.pdf",
                "multiqc/multiqc_plots/pdf/fastqc_per_sequence_gc_content_plot_Counts.pdf",
                "multiqc/multiqc_plots/pdf/fastqc_per_sequence_gc_content_plot_Percentages.pdf",
                "multiqc/multiqc_plots/pdf/fastqc_per_sequence_quality_scores_plot.pdf",
                "multiqc/multiqc_plots/pdf/fastqc_sequence_counts_plot-cnt.pdf",
                "multiqc/multiqc_plots/pdf/fastqc_sequence_counts_plot-pct.pdf",
                "multiqc/multiqc_plots/pdf/fastqc_sequence_duplication_levels_plot.pdf",
                "multiqc/multiqc_plots/pdf/fastqc_sequence_length_distribution_plot.pdf",
                "multiqc/multiqc_plots/pdf/fastqc_top_overrepresented_sequences_table.pdf",
                "multiqc/multiqc_plots/pdf/general_stats_table.pdf",
                "multiqc/multiqc_plots/png",
                "multiqc/multiqc_plots/png/cutadapt_filtered_reads_plot-cnt.png",
                "multiqc/multiqc_plots/png/cutadapt_filtered_reads_plot-pct.png",
                "multiqc/multiqc_plots/png/cutadapt_trimmed_sequences_plot_5_Counts.png",
                "multiqc/multiqc_plots/png/cutadapt_trimmed_sequences_plot_5_Obs_Exp.png",
                "multiqc/multiqc_plots/png/fastqc-status-check-heatmap.png",
                "multiqc/multiqc_plots/png/fastqc_overrepresented_sequences_plot.png",
                "multiqc/multiqc_plots/png/fastqc_per_base_n_content_plot.png",
                "multiqc/multiqc_plots/png/fastqc_per_base_sequence_quality_plot.png",
                "multiqc/multiqc_plots/png/fastqc_per_sequence_gc_content_plot_Counts.png",
                "multiqc/multiqc_plots/png/fastqc_per_sequence_gc_content_plot_Percentages.png",
                "multiqc/multiqc_plots/png/fastqc_per_sequence_quality_scores_plot.png",
                "multiqc/multiqc_plots/png/fastqc_sequence_counts_plot-cnt.png",
                "multiqc/multiqc_plots/png/fastqc_sequence_counts_plot-pct.png",
                "multiqc/multiqc_plots/png/fastqc_sequence_duplication_levels_plot.png",
                "multiqc/multiqc_plots/png/fastqc_sequence_length_distribution_plot.png",
                "multiqc/multiqc_plots/png/fastqc_top_overrepresented_sequences_table.png",
                "multiqc/multiqc_plots/png/general_stats_table.png",
                "multiqc/multiqc_plots/svg",
                "multiqc/multiqc_plots/svg/cutadapt_filtered_reads_plot-cnt.svg",
                "multiqc/multiqc_plots/svg/cutadapt_filtered_reads_plot-pct.svg",
                "multiqc/multiqc_plots/svg/cutadapt_trimmed_sequences_plot_5_Counts.svg",
                "multiqc/multiqc_plots/svg/cutadapt_trimmed_sequences_plot_5_Obs_Exp.svg",
                "multiqc/multiqc_plots/svg/fastqc-status-check-heatmap.svg",
                "multiqc/multiqc_plots/svg/fastqc_overrepresented_sequences_plot.svg",
                "multiqc/multiqc_plots/svg/fastqc_per_base_n_content_plot.svg",
                "multiqc/multiqc_plots/svg/fastqc_per_base_sequence_quality_plot.svg",
                "multiqc/multiqc_plots/svg/fastqc_per_sequence_gc_content_plot_Counts.svg",
                "multiqc/multiqc_plots/svg/fastqc_per_sequence_gc_content_plot_Percentages.svg",
                "multiqc/multiqc_plots/svg/fastqc_per_sequence_quality_scores_plot.svg",
                "multiqc/multiqc_plots/svg/fastqc_sequence_counts_plot-cnt.svg",
                "multiqc/multiqc_plots/svg/fastqc_sequence_counts_plot-pct.svg",
                "multiqc/multiqc_plots/svg/fastqc_sequence_duplication_levels_plot.svg",
                "multiqc/multiqc_plots/svg/fastqc_sequence_length_distribution_plot.svg",
                "multiqc/multiqc_plots/svg/fastqc_top_overrepresented_sequences_table.svg",
                "multiqc/multiqc_plots/svg/general_stats_table.svg",
                "multiqc/multiqc_report.html",
                "overall_summary.tsv",
                "pipeline_info",
                "pipeline_info/software_versions.yml",
                "qiime2",
                "qiime2/abundance_tables",
                "qiime2/abundance_tables/count_table_filter_stats.tsv",
                "qiime2/abundance_tables/filtered-table.qza",
                "qiime2/ancom",
                "qiime2/ancom/Category-treatment-ASV",
                "qiime2/ancom/Category-treatment-ASV/ancom.tsv",
                "qiime2/ancom/Category-treatment-ASV/css",
                "qiime2/ancom/Category-treatment-ASV/css/spinkit.css",
                "qiime2/ancom/Category-treatment-ASV/data.tsv",
                "qiime2/ancom/Category-treatment-ASV/index.html",
                "qiime2/ancom/Category-treatment-ASV/js",
                "qiime2/ancom/Category-treatment-ASV/js/vega-embed.min.js",
                "qiime2/ancom/Category-treatment-ASV/js/vega.min.js",
                "qiime2/ancom/Category-treatment-ASV/licenses",
                "qiime2/ancom/Category-treatment-ASV/licenses/vega-embed.txt",
                "qiime2/ancom/Category-treatment-ASV/licenses/vega.txt",
                "qiime2/ancom/Category-treatment-ASV/percent-abundances.tsv",
                "qiime2/ancom/Category-treatment-ASV/q2templateassets",
                "qiime2/ancom/Category-treatment-ASV/q2templateassets/css",
                "qiime2/ancom/Category-treatment-ASV/q2templateassets/css/base-template.css",
                "qiime2/ancom/Category-treatment-ASV/q2templateassets/css/bootstrap.min.css",
                "qiime2/ancom/Category-treatment-ASV/q2templateassets/css/normalize.css",
                "qiime2/ancom/Category-treatment-ASV/q2templateassets/css/tab-parent.css",
                "qiime2/ancom/Category-treatment-ASV/q2templateassets/fonts",
                "qiime2/ancom/Category-treatment-ASV/q2templateassets/fonts/glyphicons-halflings-regular.eot",
                "qiime2/ancom/Category-treatment-ASV/q2templateassets/fonts/glyphicons-halflings-regular.svg",
                "qiime2/ancom/Category-treatment-ASV/q2templateassets/fonts/glyphicons-halflings-regular.ttf",
                "qiime2/ancom/Category-treatment-ASV/q2templateassets/fonts/glyphicons-halflings-regular.woff",
                "qiime2/ancom/Category-treatment-ASV/q2templateassets/fonts/glyphicons-halflings-regular.woff2",
                "qiime2/ancom/Category-treatment-ASV/q2templateassets/img",
                "qiime2/ancom/Category-treatment-ASV/q2templateassets/img/qiime2-rect-200.png",
                "qiime2/ancom/Category-treatment-ASV/q2templateassets/js",
                "qiime2/ancom/Category-treatment-ASV/q2templateassets/js/bootstrap.min.js",
                "qiime2/ancom/Category-treatment-ASV/q2templateassets/js/child.js",
                "qiime2/ancom/Category-treatment-ASV/q2templateassets/js/jquery-3.2.0.min.js",
                "qiime2/ancom/Category-treatment-ASV/q2templateassets/js/parent.js",
                "qiime2/ancom/Category-treatment-level-2",
                "qiime2/ancom/Category-treatment-level-2/ancom.tsv",
                "qiime2/ancom/Category-treatment-level-2/css",
                "qiime2/ancom/Category-treatment-level-2/css/spinkit.css",
                "qiime2/ancom/Category-treatment-level-2/data.tsv",
                "qiime2/ancom/Category-treatment-level-2/index.html",
                "qiime2/ancom/Category-treatment-level-2/js",
                "qiime2/ancom/Category-treatment-level-2/js/vega-embed.min.js",
                "qiime2/ancom/Category-treatment-level-2/js/vega.min.js",
                "qiime2/ancom/Category-treatment-level-2/licenses",
                "qiime2/ancom/Category-treatment-level-2/licenses/vega-embed.txt",
                "qiime2/ancom/Category-treatment-level-2/licenses/vega.txt",
                "qiime2/ancom/Category-treatment-level-2/percent-abundances.tsv",
                "qiime2/ancom/Category-treatment-level-2/q2templateassets",
                "qiime2/ancom/Category-treatment-level-2/q2templateassets/css",
                "qiime2/ancom/Category-treatment-level-2/q2templateassets/css/base-template.css",
                "qiime2/ancom/Category-treatment-level-2/q2templateassets/css/bootstrap.min.css",
                "qiime2/ancom/Category-treatment-level-2/q2templateassets/css/normalize.css",
                "qiime2/ancom/Category-treatment-level-2/q2templateassets/css/tab-parent.css",
                "qiime2/ancom/Category-treatment-level-2/q2templateassets/fonts",
                "qiime2/ancom/Category-treatment-level-2/q2templateassets/fonts/glyphicons-halflings-regular.eot",
                "qiime2/ancom/Category-treatment-level-2/q2templateassets/fonts/glyphicons-halflings-regular.svg",
                "qiime2/ancom/Category-treatment-level-2/q2templateassets/fonts/glyphicons-halflings-regular.ttf",
                "qiime2/ancom/Category-treatment-level-2/q2templateassets/fonts/glyphicons-halflings-regular.woff",
                "qiime2/ancom/Category-treatment-level-2/q2templateassets/fonts/glyphicons-halflings-regular.woff2",
                "qiime2/ancom/Category-treatment-level-2/q2templateassets/img",
                "qiime2/ancom/Category-treatment-level-2/q2templateassets/img/qiime2-rect-200.png",
                "qiime2/ancom/Category-treatment-level-2/q2templateassets/js",
                "qiime2/ancom/Category-treatment-level-2/q2templateassets/js/bootstrap.min.js",
                "qiime2/ancom/Category-treatment-level-2/q2templateassets/js/child.js",
                "qiime2/ancom/Category-treatment-level-2/q2templateassets/js/jquery-3.2.0.min.js",
                "qiime2/ancom/Category-treatment-level-2/q2templateassets/js/parent.js",
                "qiime2/ancom/Category-treatment-level-3",
                "qiime2/ancom/Category-treatment-level-3/ancom.tsv",
                "qiime2/ancom/Category-treatment-level-3/css",
                "qiime2/ancom/Category-treatment-level-3/css/spinkit.css",
                "qiime2/ancom/Category-treatment-level-3/data.tsv",
                "qiime2/ancom/Category-treatment-level-3/index.html",
                "qiime2/ancom/Category-treatment-level-3/js",
                "qiime2/ancom/Category-treatment-level-3/js/vega-embed.min.js",
                "qiime2/ancom/Category-treatment-level-3/js/vega.min.js",
                "qiime2/ancom/Category-treatment-level-3/licenses",
                "qiime2/ancom/Category-treatment-level-3/licenses/vega-embed.txt",
                "qiime2/ancom/Category-treatment-level-3/licenses/vega.txt",
                "qiime2/ancom/Category-treatment-level-3/percent-abundances.tsv",
                "qiime2/ancom/Category-treatment-level-3/q2templateassets",
                "qiime2/ancom/Category-treatment-level-3/q2templateassets/css",
                "qiime2/ancom/Category-treatment-level-3/q2templateassets/css/base-template.css",
                "qiime2/ancom/Category-treatment-level-3/q2templateassets/css/bootstrap.min.css",
                "qiime2/ancom/Category-treatment-level-3/q2templateassets/css/normalize.css",
                "qiime2/ancom/Category-treatment-level-3/q2templateassets/css/tab-parent.css",
                "qiime2/ancom/Category-treatment-level-3/q2templateassets/fonts",
                "qiime2/ancom/Category-treatment-level-3/q2templateassets/fonts/glyphicons-halflings-regular.eot",
                "qiime2/ancom/Category-treatment-level-3/q2templateassets/fonts/glyphicons-halflings-regular.svg",
                "qiime2/ancom/Category-treatment-level-3/q2templateassets/fonts/glyphicons-halflings-regular.ttf",
                "qiime2/ancom/Category-treatment-level-3/q2templateassets/fonts/glyphicons-halflings-regular.woff",
                "qiime2/ancom/Category-treatment-level-3/q2templateassets/fonts/glyphicons-halflings-regular.woff2",
                "qiime2/ancom/Category-treatment-level-3/q2templateassets/img",
                "qiime2/ancom/Category-treatment-level-3/q2templateassets/img/qiime2-rect-200.png",
                "qiime2/ancom/Category-treatment-level-3/q2templateassets/js",
                "qiime2/ancom/Category-treatment-level-3/q2templateassets/js/bootstrap.min.js",
                "qiime2/ancom/Category-treatment-level-3/q2templateassets/js/child.js",
                "qiime2/ancom/Category-treatment-level-3/q2templateassets/js/jquery-3.2.0.min.js",
                "qiime2/ancom/Category-treatment-level-3/q2templateassets/js/parent.js",
                "qiime2/barplot",
                "qiime2/barplot/dist",
                "qiime2/barplot/dist/bundle.js",
                "qiime2/barplot/dist/d3-license.txt",
                "qiime2/barplot/dist/d3-scale-chromatic-license.txt",
                "qiime2/barplot/dist/thenBy-license.txt",
                "qiime2/barplot/dist/vendor.bundle.js",
                "qiime2/barplot/index.html",
                "qiime2/barplot/level-1.csv",
                "qiime2/barplot/level-1.jsonp",
                "qiime2/barplot/level-2.csv",
                "qiime2/barplot/level-2.jsonp",
                "qiime2/barplot/level-3.csv",
                "qiime2/barplot/level-3.jsonp",
                "qiime2/barplot/level-4.csv",
                "qiime2/barplot/level-4.jsonp",
                "qiime2/barplot/level-5.csv",
                "qiime2/barplot/level-5.jsonp",
                "qiime2/barplot/level-6.csv",
                "qiime2/barplot/level-6.jsonp",
                "qiime2/barplot/level-7.csv",
                "qiime2/barplot/level-7.jsonp",
                "qiime2/barplot/q2templateassets",
                "qiime2/barplot/q2templateassets/css",
                "qiime2/barplot/q2templateassets/css/base-template.css",
                "qiime2/barplot/q2templateassets/css/bootstrap.min.css",
                "qiime2/barplot/q2templateassets/css/normalize.css",
                "qiime2/barplot/q2templateassets/css/tab-parent.css",
                "qiime2/barplot/q2templateassets/fonts",
                "qiime2/barplot/q2templateassets/fonts/glyphicons-halflings-regular.eot",
                "qiime2/barplot/q2templateassets/fonts/glyphicons-halflings-regular.svg",
                "qiime2/barplot/q2templateassets/fonts/glyphicons-halflings-regular.ttf",
                "qiime2/barplot/q2templateassets/fonts/glyphicons-halflings-regular.woff",
                "qiime2/barplot/q2templateassets/fonts/glyphicons-halflings-regular.woff2",
                "qiime2/barplot/q2templateassets/img",
                "qiime2/barplot/q2templateassets/img/qiime2-rect-200.png",
                "qiime2/barplot/q2templateassets/js",
                "qiime2/barplot/q2templateassets/js/bootstrap.min.js",
                "qiime2/barplot/q2templateassets/js/child.js",
                "qiime2/barplot/q2templateassets/js/jquery-3.2.0.min.js",
                "qiime2/barplot/q2templateassets/js/parent.js",
                "qiime2/input",
                "qiime2/input/table.qza",
                "qiime2/rel_abundance_tables",
                "qiime2/rel_abundance_tables/rel-table-2.tsv",
                "qiime2/rel_abundance_tables/rel-table-3.tsv",
                "qiime2/rel_abundance_tables/rel-table-ASV.tsv",
                "qiime2/representative_sequences",
                "sidle",
                "sidle/DB",
                "sidle/DB/3_reconstructed",
                "sidle/DB/3_reconstructed/reconstruction_summary",
                "sidle/DB/3_reconstructed/reconstruction_summary/css",
                "sidle/DB/3_reconstructed/reconstruction_summary/css/datatables.min.css",
                "sidle/DB/3_reconstructed/reconstruction_summary/index.html",
                "sidle/DB/3_reconstructed/reconstruction_summary/js",
                "sidle/DB/3_reconstructed/reconstruction_summary/js/datatables.min.js",
                "sidle/DB/3_reconstructed/reconstruction_summary/metadata.tsv",
                "sidle/DB/3_reconstructed/reconstruction_summary/q2templateassets",
                "sidle/DB/3_reconstructed/reconstruction_summary/q2templateassets/css",
                "sidle/DB/3_reconstructed/reconstruction_summary/q2templateassets/css/base-template.css",
                "sidle/DB/3_reconstructed/reconstruction_summary/q2templateassets/css/bootstrap.min.css",
                "sidle/DB/3_reconstructed/reconstruction_summary/q2templateassets/css/normalize.css",
                "sidle/DB/3_reconstructed/reconstruction_summary/q2templateassets/css/tab-parent.css",
                "sidle/DB/3_reconstructed/reconstruction_summary/q2templateassets/fonts",
                "sidle/DB/3_reconstructed/reconstruction_summary/q2templateassets/fonts/glyphicons-halflings-regular.eot",
                "sidle/DB/3_reconstructed/reconstruction_summary/q2templateassets/fonts/glyphicons-halflings-regular.svg",
                "sidle/DB/3_reconstructed/reconstruction_summary/q2templateassets/fonts/glyphicons-halflings-regular.ttf",
                "sidle/DB/3_reconstructed/reconstruction_summary/q2templateassets/fonts/glyphicons-halflings-regular.woff",
                "sidle/DB/3_reconstructed/reconstruction_summary/q2templateassets/fonts/glyphicons-halflings-regular.woff2",
                "sidle/DB/3_reconstructed/reconstruction_summary/q2templateassets/img",
                "sidle/DB/3_reconstructed/reconstruction_summary/q2templateassets/img/qiime2-rect-200.png",
                "sidle/DB/3_reconstructed/reconstruction_summary/q2templateassets/js",
                "sidle/DB/3_reconstructed/reconstruction_summary/q2templateassets/js/bootstrap.min.js",
                "sidle/DB/3_reconstructed/reconstruction_summary/q2templateassets/js/child.js",
                "sidle/DB/3_reconstructed/reconstruction_summary/q2templateassets/js/jquery-3.2.0.min.js",
                "sidle/DB/3_reconstructed/reconstruction_summary/q2templateassets/js/parent.js",
                "sidle/per_region",
                "sidle/per_region/ASV_seqs_region1_TGGCGAACGGGTGAGTAA_CCGTGTCTCAGTCCCARTG.fasta",
                "sidle/per_region/ASV_seqs_region2_ACTCCTACGGGAGGCAGC_GTATTACCGCGGCTGCTG.fasta",
                "sidle/per_region/ASV_seqs_region3_GTGTAGCGGTGRAATGCG_CCCGTCAATTCMTTTGAGTT.fasta",
                "sidle/per_region/ASV_seqs_region4_GGAGCATGTGGWTTAATTCGA_CGTTGCGGGACTTAACCC.fasta",
                "sidle/per_region/ASV_seqs_region5_GGAGGAAGGTGGGGATGAC_AAGGCCCGGGAACGTATT.fasta",
                "sidle/per_region/ASV_table_region1_TGGCGAACGGGTGAGTAA_CCGTGTCTCAGTCCCARTG.tsv",
                "sidle/per_region/ASV_table_region2_ACTCCTACGGGAGGCAGC_GTATTACCGCGGCTGCTG.tsv",
                "sidle/per_region/ASV_table_region3_GTGTAGCGGTGRAATGCG_CCCGTCAATTCMTTTGAGTT.tsv",
                "sidle/per_region/ASV_table_region4_GGAGCATGTGGWTTAATTCGA_CGTTGCGGGACTTAACCC.tsv",
                "sidle/per_region/ASV_table_region5_GGAGGAAGGTGGGGATGAC_AAGGCCCGGGAACGTATT.tsv",
                "sidle/per_region/DADA2_table_region1_TGGCGAACGGGTGAGTAA_CCGTGTCTCAGTCCCARTG.tsv",
                "sidle/per_region/DADA2_table_region2_ACTCCTACGGGAGGCAGC_GTATTACCGCGGCTGCTG.tsv",
                "sidle/per_region/DADA2_table_region3_GTGTAGCGGTGRAATGCG_CCCGTCAATTCMTTTGAGTT.tsv",
                "sidle/per_region/DADA2_table_region4_GGAGCATGTGGWTTAATTCGA_CGTTGCGGGACTTAACCC.tsv",
                "sidle/per_region/DADA2_table_region5_GGAGGAAGGTGGGGATGAC_AAGGCCCGGGAACGTATT.tsv",
                "sidle/reconstructed",
                "sidle/reconstructed/reconstructed_feature-table.biom",
                "sidle/reconstructed/reconstructed_feature-table.tsv",
                "sidle/reconstructed/reconstructed_merged.tsv",
                "sidle/reconstructed/reconstructed_taxonomy.tsv",
                "sidle/reconstructed/reconstruction_table",
                "sidle/reconstructed/reconstruction_table/css",
                "sidle/reconstructed/reconstruction_table/css/spinkit.css",
                "sidle/reconstructed/reconstruction_table/feature-frequencies.pdf",
                "sidle/reconstructed/reconstruction_table/feature-frequencies.png",
                "sidle/reconstructed/reconstruction_table/feature-frequency-detail.csv",
                "sidle/reconstructed/reconstruction_table/feature-frequency-detail.html",
                "sidle/reconstructed/reconstruction_table/index.html",
                "sidle/reconstructed/reconstruction_table/js",
                "sidle/reconstructed/reconstruction_table/js/vega-embed.min.js",
                "sidle/reconstructed/reconstruction_table/js/vega.min.js",
                "sidle/reconstructed/reconstruction_table/licenses",
                "sidle/reconstructed/reconstruction_table/licenses/vega-embed.txt",
                "sidle/reconstructed/reconstruction_table/licenses/vega.txt",
                "sidle/reconstructed/reconstruction_table/q2templateassets",
                "sidle/reconstructed/reconstruction_table/q2templateassets/css",
                "sidle/reconstructed/reconstruction_table/q2templateassets/css/base-template.css",
                "sidle/reconstructed/reconstruction_table/q2templateassets/css/bootstrap.min.css",
                "sidle/reconstructed/reconstruction_table/q2templateassets/css/normalize.css",
                "sidle/reconstructed/reconstruction_table/q2templateassets/css/tab-parent.css",
                "sidle/reconstructed/reconstruction_table/q2templateassets/fonts",
                "sidle/reconstructed/reconstruction_table/q2templateassets/fonts/glyphicons-halflings-regular.eot",
                "sidle/reconstructed/reconstruction_table/q2templateassets/fonts/glyphicons-halflings-regular.svg",
                "sidle/reconstructed/reconstruction_table/q2templateassets/fonts/glyphicons-halflings-regular.ttf",
                "sidle/reconstructed/reconstruction_table/q2templateassets/fonts/glyphicons-halflings-regular.woff",
                "sidle/reconstructed/reconstruction_table/q2templateassets/fonts/glyphicons-halflings-regular.woff2",
                "sidle/reconstructed/reconstruction_table/q2templateassets/img",
                "sidle/reconstructed/reconstruction_table/q2templateassets/img/qiime2-rect-200.png",
                "sidle/reconstructed/reconstruction_table/q2templateassets/js",
                "sidle/reconstructed/reconstruction_table/q2templateassets/js/bootstrap.min.js",
                "sidle/reconstructed/reconstruction_table/q2templateassets/js/child.js",
                "sidle/reconstructed/reconstruction_table/q2templateassets/js/jquery-3.2.0.min.js",
                "sidle/reconstructed/reconstruction_table/q2templateassets/js/parent.js",
                "sidle/reconstructed/reconstruction_table/sample-frequencies.pdf",
                "sidle/reconstructed/reconstruction_table/sample-frequencies.png",
                "sidle/reconstructed/reconstruction_table/sample-frequency-detail.csv",
                "sidle/reconstructed/reconstruction_table/sample-frequency-detail.html"
            ],
            "samplesheet_multiregion.tsv:md5,b5b34bd6bb19f5a130b2328811e03bb8",
            "metadata_multiregion.tsv:md5,e2671821f0cf64f15a50d3ddac8f20d1",
            "regions_multiregion.tsv:md5,d0ca51b297f896e7b397509497e8264c",
            "overall_summary.tsv:md5,38ffc548e8d7c0da5ed09c290131f0b5",
            "cutadapt_summary.tsv:md5,1ad83d6d36ac9177d89af4e5caa7dedc",
            "ASV_seqs.fasta:md5,485d6c6f8c82c17fbd679b2a9032a541",
            "ASV_table.tsv:md5,336bd44a6ff10c638ab95f7488030baa",
            "DADA2_stats.tsv:md5,e56236955a435abbfdc92d514c9c5443",
            "DADA2_table.rds:md5,6358376bb6f42ed782cda2be1564d3d8",
            "DADA2_table.tsv:md5,f14f4e62f9898e6a0755e2d1621bcc3b",
            "multiqc_fastqc.txt:md5,9468ae91af1a841c5e1369f11f704604",
            "multiqc_general_stats.txt:md5,68f2972dd2d44e499d5afac6cf8624c8",
            "multiqc_cutadapt.txt:md5,2ef3cbb36c9461cddf6c3f493d2ddbd4"
        ],
        "meta": {
            "nf-test": "0.9.2",
            "nextflow": "25.04.2"
        },
        "timestamp": "2025-06-12T16:30:49.104295926"
    }
}