{
    "-profile test_qiimecustom": {
        "content": [
            43,
            {
                "BARRNAP": {
                    "barrnap": 0.9
                },
                "BARRNAPSUMMARY": {
                    "python": "Python 3.9.1"
                },
                "CUTADAPT_BASIC": {
                    "cutadapt": 4.6
                },
                "CUTADAPT_SUMMARY_STD": {
                    "python": "Python 3.8.3"
                },
                "DADA2_DENOISING": {
                    "R": "4.3.2",
                    "dada2": "1.30.0"
                },
                "DADA2_ERR": {
                    "R": "4.3.2",
                    "dada2": "1.30.0"
                },
                "DADA2_FILTNTRIM": {
                    "R": "4.3.2",
                    "dada2": "1.30.0"
                },
                "DADA2_MERGE": {
                    "R": "4.1.1",
                    "dada2": "1.22.0"
                },
                "DADA2_QUALITY1": {
                    "R": "4.3.2",
                    "dada2": "1.30.0",
                    "ShortRead": "1.60.0"
                },
                "DADA2_QUALITY2": {
                    "R": "4.3.2",
                    "dada2": "1.30.0",
                    "ShortRead": "1.60.0"
                },
                "DADA2_RMCHIMERA": {
                    "R": "4.3.2",
                    "dada2": "1.30.0"
                },
                "DADA2_STATS": {
                    "R": "4.3.2",
                    "dada2": "1.30.0"
                },
                "FASTQC": {
                    "fastqc": "0.12.1"
                },
                "MERGE_STATS_STD": {
                    "R": "4.3.2"
                },
                "PHYLOSEQ": {
                    "R": "4.3.2",
                    "phyloseq": "1.46.0"
                },
                "QIIME2_CLASSIFY": {
                    "qiime2": "2024.10.1"
                },
                "QIIME2_INSEQ": {
                    "qiime2": "2024.10.1"
                },
                "RENAME_RAW_DATA_FILES": {
                    "sed": 4.7
                },
                "TREESUMMARIZEDEXPERIMENT": {
                    "R": "4.3.2",
                    "TreeSummarizedExperiment": "2.10.0"
                },
                "TRUNCLEN": {
                    "python": "3.9.1",
                    "pandas": "1.1.5"
                },
                "Workflow": {
                    "nf-core/ampliseq": "v2.15.0dev"
                }
            },
            [
                "barrnap",
                "barrnap/rrna.arc.gff",
                "barrnap/rrna.bac.gff",
                "barrnap/rrna.euk.gff",
                "barrnap/rrna.mito.gff",
                "barrnap/summary.tsv",
                "cutadapt",
                "cutadapt/cutadapt_summary.tsv",
                "cutadapt/sampleID_1.trimmed.cutadapt.log",
                "cutadapt/sampleID_1a.trimmed.cutadapt.log",
                "cutadapt/sampleID_2.trimmed.cutadapt.log",
                "cutadapt/sampleID_2a.trimmed.cutadapt.log",
                "dada2",
                "dada2/ASV_seqs.fasta",
                "dada2/ASV_table.tsv",
                "dada2/DADA2_stats.tsv",
                "dada2/DADA2_table.rds",
                "dada2/DADA2_table.tsv",
                "dada2/QC",
                "dada2/QC/1_1.err.convergence.txt",
                "dada2/QC/1_1.err.pdf",
                "dada2/QC/1_2.err.convergence.txt",
                "dada2/QC/1_2.err.pdf",
                "dada2/QC/4 files were used for FW plotQualityProfile.txt",
                "dada2/QC/4 files were used for RV plotQualityProfile.txt",
                "dada2/QC/FW_preprocessed_qual_stats.pdf",
                "dada2/QC/FW_qual_stats.pdf",
                "dada2/QC/RV_preprocessed_qual_stats.pdf",
                "dada2/QC/RV_qual_stats.pdf",
                "dada2/QC/svg",
                "dada2/QC/svg/1_1.err.svg",
                "dada2/QC/svg/1_2.err.svg",
                "dada2/QC/svg/FW_preprocessed_qual_stats.svg",
                "dada2/QC/svg/FW_qual_stats.svg",
                "dada2/QC/svg/RV_preprocessed_qual_stats.svg",
                "dada2/QC/svg/RV_qual_stats.svg",
                "dada2/args",
                "dada2/args/FW_plotQualityProfile.args.txt",
                "dada2/args/FW_preprocessed_plotQualityProfile.args.txt",
                "dada2/args/RV_plotQualityProfile.args.txt",
                "dada2/args/RV_preprocessed_plotQualityProfile.args.txt",
                "dada2/args/dada.args.txt",
                "dada2/args/filterAndTrim.args.txt",
                "dada2/args/learnErrors.args.txt",
                "dada2/args/mergePairs.args.txt",
                "dada2/args/removeBimeraDenovo.args.txt",
                "dada2/log",
                "dada2/log/1.dada.log",
                "dada2/log/1.err.log",
                "fastqc",
                "fastqc/sampleID_1_1_fastqc.html",
                "fastqc/sampleID_1_2_fastqc.html",
                "fastqc/sampleID_1a_1_fastqc.html",
                "fastqc/sampleID_1a_2_fastqc.html",
                "fastqc/sampleID_2_1_fastqc.html",
                "fastqc/sampleID_2_2_fastqc.html",
                "fastqc/sampleID_2a_1_fastqc.html",
                "fastqc/sampleID_2a_2_fastqc.html",
                "input",
                "input/Samplesheet.tsv",
                "multiqc",
                "multiqc/multiqc_data",
                "multiqc/multiqc_data/cutadapt_filtered_reads_plot.txt",
                "multiqc/multiqc_data/cutadapt_trimmed_sequences_plot_5_Counts.txt",
                "multiqc/multiqc_data/cutadapt_trimmed_sequences_plot_5_Obs_Exp.txt",
                "multiqc/multiqc_data/fastqc-status-check-heatmap.txt",
                "multiqc/multiqc_data/fastqc_adapter_content_plot.txt",
                "multiqc/multiqc_data/fastqc_overrepresented_sequences_plot.txt",
                "multiqc/multiqc_data/fastqc_per_base_n_content_plot.txt",
                "multiqc/multiqc_data/fastqc_per_base_sequence_quality_plot.txt",
                "multiqc/multiqc_data/fastqc_per_sequence_gc_content_plot_Counts.txt",
                "multiqc/multiqc_data/fastqc_per_sequence_gc_content_plot_Percentages.txt",
                "multiqc/multiqc_data/fastqc_per_sequence_quality_scores_plot.txt",
                "multiqc/multiqc_data/fastqc_sequence_counts_plot.txt",
                "multiqc/multiqc_data/fastqc_sequence_duplication_levels_plot.txt",
                "multiqc/multiqc_data/fastqc_sequence_length_distribution_plot.txt",
                "multiqc/multiqc_data/fastqc_top_overrepresented_sequences_table.txt",
                "multiqc/multiqc_data/multiqc.log",
                "multiqc/multiqc_data/multiqc_citations.txt",
                "multiqc/multiqc_data/multiqc_cutadapt.txt",
                "multiqc/multiqc_data/multiqc_data.json",
                "multiqc/multiqc_data/multiqc_fastqc.txt",
                "multiqc/multiqc_data/multiqc_general_stats.txt",
                "multiqc/multiqc_data/multiqc_sources.txt",
                "multiqc/multiqc_plots",
                "multiqc/multiqc_plots/pdf",
                "multiqc/multiqc_plots/pdf/cutadapt_filtered_reads_plot-cnt.pdf",
                "multiqc/multiqc_plots/pdf/cutadapt_filtered_reads_plot-pct.pdf",
                "multiqc/multiqc_plots/pdf/cutadapt_trimmed_sequences_plot_5_Counts.pdf",
                "multiqc/multiqc_plots/pdf/cutadapt_trimmed_sequences_plot_5_Obs_Exp.pdf",
                "multiqc/multiqc_plots/pdf/fastqc-status-check-heatmap.pdf",
                "multiqc/multiqc_plots/pdf/fastqc_adapter_content_plot.pdf",
                "multiqc/multiqc_plots/pdf/fastqc_overrepresented_sequences_plot.pdf",
                "multiqc/multiqc_plots/pdf/fastqc_per_base_n_content_plot.pdf",
                "multiqc/multiqc_plots/pdf/fastqc_per_base_sequence_quality_plot.pdf",
                "multiqc/multiqc_plots/pdf/fastqc_per_sequence_gc_content_plot_Counts.pdf",
                "multiqc/multiqc_plots/pdf/fastqc_per_sequence_gc_content_plot_Percentages.pdf",
                "multiqc/multiqc_plots/pdf/fastqc_per_sequence_quality_scores_plot.pdf",
                "multiqc/multiqc_plots/pdf/fastqc_sequence_counts_plot-cnt.pdf",
                "multiqc/multiqc_plots/pdf/fastqc_sequence_counts_plot-pct.pdf",
                "multiqc/multiqc_plots/pdf/fastqc_sequence_duplication_levels_plot.pdf",
                "multiqc/multiqc_plots/pdf/fastqc_sequence_length_distribution_plot.pdf",
                "multiqc/multiqc_plots/pdf/fastqc_top_overrepresented_sequences_table.pdf",
                "multiqc/multiqc_plots/pdf/general_stats_table.pdf",
                "multiqc/multiqc_plots/png",
                "multiqc/multiqc_plots/png/cutadapt_filtered_reads_plot-cnt.png",
                "multiqc/multiqc_plots/png/cutadapt_filtered_reads_plot-pct.png",
                "multiqc/multiqc_plots/png/cutadapt_trimmed_sequences_plot_5_Counts.png",
                "multiqc/multiqc_plots/png/cutadapt_trimmed_sequences_plot_5_Obs_Exp.png",
                "multiqc/multiqc_plots/png/fastqc-status-check-heatmap.png",
                "multiqc/multiqc_plots/png/fastqc_adapter_content_plot.png",
                "multiqc/multiqc_plots/png/fastqc_overrepresented_sequences_plot.png",
                "multiqc/multiqc_plots/png/fastqc_per_base_n_content_plot.png",
                "multiqc/multiqc_plots/png/fastqc_per_base_sequence_quality_plot.png",
                "multiqc/multiqc_plots/png/fastqc_per_sequence_gc_content_plot_Counts.png",
                "multiqc/multiqc_plots/png/fastqc_per_sequence_gc_content_plot_Percentages.png",
                "multiqc/multiqc_plots/png/fastqc_per_sequence_quality_scores_plot.png",
                "multiqc/multiqc_plots/png/fastqc_sequence_counts_plot-cnt.png",
                "multiqc/multiqc_plots/png/fastqc_sequence_counts_plot-pct.png",
                "multiqc/multiqc_plots/png/fastqc_sequence_duplication_levels_plot.png",
                "multiqc/multiqc_plots/png/fastqc_sequence_length_distribution_plot.png",
                "multiqc/multiqc_plots/png/fastqc_top_overrepresented_sequences_table.png",
                "multiqc/multiqc_plots/png/general_stats_table.png",
                "multiqc/multiqc_plots/svg",
                "multiqc/multiqc_plots/svg/cutadapt_filtered_reads_plot-cnt.svg",
                "multiqc/multiqc_plots/svg/cutadapt_filtered_reads_plot-pct.svg",
                "multiqc/multiqc_plots/svg/cutadapt_trimmed_sequences_plot_5_Counts.svg",
                "multiqc/multiqc_plots/svg/cutadapt_trimmed_sequences_plot_5_Obs_Exp.svg",
                "multiqc/multiqc_plots/svg/fastqc-status-check-heatmap.svg",
                "multiqc/multiqc_plots/svg/fastqc_adapter_content_plot.svg",
                "multiqc/multiqc_plots/svg/fastqc_overrepresented_sequences_plot.svg",
                "multiqc/multiqc_plots/svg/fastqc_per_base_n_content_plot.svg",
                "multiqc/multiqc_plots/svg/fastqc_per_base_sequence_quality_plot.svg",
                "multiqc/multiqc_plots/svg/fastqc_per_sequence_gc_content_plot_Counts.svg",
                "multiqc/multiqc_plots/svg/fastqc_per_sequence_gc_content_plot_Percentages.svg",
                "multiqc/multiqc_plots/svg/fastqc_per_sequence_quality_scores_plot.svg",
                "multiqc/multiqc_plots/svg/fastqc_sequence_counts_plot-cnt.svg",
                "multiqc/multiqc_plots/svg/fastqc_sequence_counts_plot-pct.svg",
                "multiqc/multiqc_plots/svg/fastqc_sequence_duplication_levels_plot.svg",
                "multiqc/multiqc_plots/svg/fastqc_sequence_length_distribution_plot.svg",
                "multiqc/multiqc_plots/svg/fastqc_top_overrepresented_sequences_table.svg",
                "multiqc/multiqc_plots/svg/general_stats_table.svg",
                "multiqc/multiqc_report.html",
                "overall_summary.tsv",
                "phyloseq",
                "phyloseq/qiime2_phyloseq.rds",
                "pipeline_info",
                "pipeline_info/software_versions.yml",
                "qiime2",
                "qiime2/input",
                "qiime2/input/rep-seqs.qza",
                "qiime2/taxonomy",
                "qiime2/taxonomy/GTGYCAGCMGCCGCGGTAA-GGACTACNVGGGTWTCTAAT-classifier.qza",
                "qiime2/taxonomy/taxonomy.tsv",
                "summary_report",
                "summary_report/qiime2_taxonomic_classification_per_taxonomy_level.svg",
                "summary_report/rrna_detection_with_barrnap.svg",
                "summary_report/stacked_barchart_of_reads.svg",
                "summary_report/summary_report.html",
                "summary_report/versions.yml",
                "treesummarizedexperiment",
                "treesummarizedexperiment/qiime2_TreeSummarizedExperiment.rds"
            ],
            "overall_summary.tsv:md5,3231d6ee72b9a1e7742e5605caaff05a",
            "rrna.arc.gff:md5,6dae470aace9293d5eb8c318584852dd",
            "rrna.bac.gff:md5,439a9084f089120f700f938dfb58fa41",
            "rrna.euk.gff:md5,c9bc1d9d8fb77dc19c95dee2d53840eb",
            "rrna.mito.gff:md5,df19e1b84ba6f691d20c72b397c88abf",
            "cutadapt_summary.tsv:md5,5d02749984a811479e7d534fda75163f",
            "ASV_seqs.fasta:md5,864c3e0dc9b4a7649beee0c8665dceb5",
            "ASV_table.tsv:md5,2618251e597593e4d716dd9bed095539",
            "DADA2_stats.tsv:md5,54a1ac8d6c5a3ff15f700c4b2dd40c86",
            "DADA2_table.rds:md5,d095501019ce7ebccfa0eb801db1ed29",
            "DADA2_table.tsv:md5,5c9fb0bfd70da165f0ce6a361bfe0b43",
            "Samplesheet.tsv:md5,dbf8d1a2b7933dab9e5a139f33c2b1f4",
            "multiqc_fastqc.txt:md5,7d23984b06e4251f17e1cfce7a04aaae",
            "multiqc_general_stats.txt:md5,885c19ff3e53d16bfe7937d6694268d7",
            "multiqc_cutadapt.txt:md5,b4409890ffb9c6938433c374b50c380e"
        ],
        "meta": {
            "nf-test": "0.9.2",
            "nextflow": "25.04.2"
        },
        "timestamp": "2025-06-12T16:56:37.7226207"
    }
}