{
    "-profile test_single": {
        "content": [
            38,
            {
                "BARRNAP": {
                    "barrnap": 0.9
                },
                "BARRNAPSUMMARY": {
                    "python": "Python 3.9.1"
                },
                "CUTADAPT_BASIC": {
                    "cutadapt": 4.6
                },
                "CUTADAPT_SUMMARY_STD": {
                    "python": "Python 3.8.3"
                },
                "CUTADAPT_TAXONOMY": {
                    "cutadapt": 4.6
                },
                "DADA2_DENOISING": {
                    "R": "4.3.2",
                    "dada2": "1.30.0"
                },
                "DADA2_ERR": {
                    "R": "4.3.2",
                    "dada2": "1.30.0"
                },
                "DADA2_FILTNTRIM": {
                    "R": "4.3.2",
                    "dada2": "1.30.0"
                },
                "DADA2_MERGE": {
                    "R": "4.1.1",
                    "dada2": "1.22.0"
                },
                "DADA2_QUALITY1": {
                    "R": "4.3.2",
                    "dada2": "1.30.0",
                    "ShortRead": "1.60.0"
                },
                "DADA2_QUALITY2": {
                    "R": "4.3.2",
                    "dada2": "1.30.0",
                    "ShortRead": "1.60.0"
                },
                "DADA2_RMCHIMERA": {
                    "R": "4.3.2",
                    "dada2": "1.30.0"
                },
                "DADA2_STATS": {
                    "R": "4.3.2",
                    "dada2": "1.30.0"
                },
                "DADA2_TAXONOMY": {
                    "R": "4.3.2",
                    "dada2": "1.30.0"
                },
                "FASTQC": {
                    "fastqc": "0.12.1"
                },
                "FORMAT_TAXONOMY": {
                    "bash": "5.0.16"
                },
                "MERGE_STATS_STD": {
                    "R": "4.3.2"
                },
                "PHYLOSEQ": {
                    "R": "4.3.2",
                    "phyloseq": "1.46.0"
                },
                "RENAME_RAW_DATA_FILES": {
                    "sed": 4.7
                },
                "TREESUMMARIZEDEXPERIMENT": {
                    "R": "4.3.2",
                    "TreeSummarizedExperiment": "2.10.0"
                },
                "Workflow": {
                    "nf-core/ampliseq": "v2.15.0dev"
                }
            },
            [
                "barrnap",
                "barrnap/rrna.arc.gff",
                "barrnap/rrna.bac.gff",
                "barrnap/rrna.euk.gff",
                "barrnap/rrna.mito.gff",
                "barrnap/summary.tsv",
                "cutadapt",
                "cutadapt/assignTaxonomy.cutadapt.log",
                "cutadapt/cutadapt_summary.tsv",
                "cutadapt/sampleID_1.trimmed.cutadapt.log",
                "cutadapt/sampleID_1a.trimmed.cutadapt.log",
                "cutadapt/sampleID_2.trimmed.cutadapt.log",
                "cutadapt/sampleID_2a.trimmed.cutadapt.log",
                "dada2",
                "dada2/ASV_seqs.fasta",
                "dada2/ASV_table.tsv",
                "dada2/ASV_tax.rdp_18.tsv",
                "dada2/ASV_tax_species.rdp_18.tsv",
                "dada2/DADA2_stats.tsv",
                "dada2/DADA2_table.rds",
                "dada2/DADA2_table.tsv",
                "dada2/QC",
                "dada2/QC/1.err.convergence.txt",
                "dada2/QC/1.err.pdf",
                "dada2/QC/4 files were used for single_end plotQualityProfile.txt",
                "dada2/QC/single_end_preprocessed_qual_stats.pdf",
                "dada2/QC/single_end_qual_stats.pdf",
                "dada2/QC/svg",
                "dada2/QC/svg/1.err.svg",
                "dada2/QC/svg/single_end_preprocessed_qual_stats.svg",
                "dada2/QC/svg/single_end_qual_stats.svg",
                "dada2/args",
                "dada2/args/addSpecies.args.txt",
                "dada2/args/assignTaxonomy.args.txt",
                "dada2/args/dada.args.txt",
                "dada2/args/filterAndTrim.args.txt",
                "dada2/args/learnErrors.args.txt",
                "dada2/args/removeBimeraDenovo.args.txt",
                "dada2/args/single_end_plotQualityProfile.args.txt",
                "dada2/args/single_end_preprocessed_plotQualityProfile.args.txt",
                "dada2/chunks",
                "dada2/chunks/ASV_seqs.1.ASV_tax.rdp_18.species.tsv",
                "dada2/chunks/ASV_seqs.1.ASV_tax.rdp_18.tsv",
                "dada2/chunks/ASV_seqs.2.ASV_tax.rdp_18.species.tsv",
                "dada2/chunks/ASV_seqs.2.ASV_tax.rdp_18.tsv",
                "dada2/log",
                "dada2/log/1.dada.log",
                "dada2/log/1.err.log",
                "dada2/ref_taxonomy.rdp_18.txt",
                "fastqc",
                "fastqc/sampleID_1_fastqc.html",
                "fastqc/sampleID_1a_fastqc.html",
                "fastqc/sampleID_2_fastqc.html",
                "fastqc/sampleID_2a_fastqc.html",
                "input",
                "input/Samplesheet.tsv",
                "multiqc",
                "multiqc/multiqc_data",
                "multiqc/multiqc_data/cutadapt_filtered_reads_plot.txt",
                "multiqc/multiqc_data/cutadapt_trimmed_sequences_plot_5_Counts.txt",
                "multiqc/multiqc_data/cutadapt_trimmed_sequences_plot_5_Obs_Exp.txt",
                "multiqc/multiqc_data/fastqc-status-check-heatmap.txt",
                "multiqc/multiqc_data/fastqc_adapter_content_plot.txt",
                "multiqc/multiqc_data/fastqc_overrepresented_sequences_plot.txt",
                "multiqc/multiqc_data/fastqc_per_base_n_content_plot.txt",
                "multiqc/multiqc_data/fastqc_per_base_sequence_quality_plot.txt",
                "multiqc/multiqc_data/fastqc_per_sequence_gc_content_plot_Counts.txt",
                "multiqc/multiqc_data/fastqc_per_sequence_gc_content_plot_Percentages.txt",
                "multiqc/multiqc_data/fastqc_per_sequence_quality_scores_plot.txt",
                "multiqc/multiqc_data/fastqc_sequence_counts_plot.txt",
                "multiqc/multiqc_data/fastqc_sequence_duplication_levels_plot.txt",
                "multiqc/multiqc_data/fastqc_sequence_length_distribution_plot.txt",
                "multiqc/multiqc_data/fastqc_top_overrepresented_sequences_table.txt",
                "multiqc/multiqc_data/multiqc.log",
                "multiqc/multiqc_data/multiqc_citations.txt",
                "multiqc/multiqc_data/multiqc_cutadapt.txt",
                "multiqc/multiqc_data/multiqc_data.json",
                "multiqc/multiqc_data/multiqc_fastqc.txt",
                "multiqc/multiqc_data/multiqc_general_stats.txt",
                "multiqc/multiqc_data/multiqc_sources.txt",
                "multiqc/multiqc_plots",
                "multiqc/multiqc_plots/pdf",
                "multiqc/multiqc_plots/pdf/cutadapt_filtered_reads_plot-cnt.pdf",
                "multiqc/multiqc_plots/pdf/cutadapt_filtered_reads_plot-pct.pdf",
                "multiqc/multiqc_plots/pdf/cutadapt_trimmed_sequences_plot_5_Counts.pdf",
                "multiqc/multiqc_plots/pdf/cutadapt_trimmed_sequences_plot_5_Obs_Exp.pdf",
                "multiqc/multiqc_plots/pdf/fastqc-status-check-heatmap.pdf",
                "multiqc/multiqc_plots/pdf/fastqc_adapter_content_plot.pdf",
                "multiqc/multiqc_plots/pdf/fastqc_overrepresented_sequences_plot.pdf",
                "multiqc/multiqc_plots/pdf/fastqc_per_base_n_content_plot.pdf",
                "multiqc/multiqc_plots/pdf/fastqc_per_base_sequence_quality_plot.pdf",
                "multiqc/multiqc_plots/pdf/fastqc_per_sequence_gc_content_plot_Counts.pdf",
                "multiqc/multiqc_plots/pdf/fastqc_per_sequence_gc_content_plot_Percentages.pdf",
                "multiqc/multiqc_plots/pdf/fastqc_per_sequence_quality_scores_plot.pdf",
                "multiqc/multiqc_plots/pdf/fastqc_sequence_counts_plot-cnt.pdf",
                "multiqc/multiqc_plots/pdf/fastqc_sequence_counts_plot-pct.pdf",
                "multiqc/multiqc_plots/pdf/fastqc_sequence_duplication_levels_plot.pdf",
                "multiqc/multiqc_plots/pdf/fastqc_sequence_length_distribution_plot.pdf",
                "multiqc/multiqc_plots/pdf/fastqc_top_overrepresented_sequences_table.pdf",
                "multiqc/multiqc_plots/pdf/general_stats_table.pdf",
                "multiqc/multiqc_plots/png",
                "multiqc/multiqc_plots/png/cutadapt_filtered_reads_plot-cnt.png",
                "multiqc/multiqc_plots/png/cutadapt_filtered_reads_plot-pct.png",
                "multiqc/multiqc_plots/png/cutadapt_trimmed_sequences_plot_5_Counts.png",
                "multiqc/multiqc_plots/png/cutadapt_trimmed_sequences_plot_5_Obs_Exp.png",
                "multiqc/multiqc_plots/png/fastqc-status-check-heatmap.png",
                "multiqc/multiqc_plots/png/fastqc_adapter_content_plot.png",
                "multiqc/multiqc_plots/png/fastqc_overrepresented_sequences_plot.png",
                "multiqc/multiqc_plots/png/fastqc_per_base_n_content_plot.png",
                "multiqc/multiqc_plots/png/fastqc_per_base_sequence_quality_plot.png",
                "multiqc/multiqc_plots/png/fastqc_per_sequence_gc_content_plot_Counts.png",
                "multiqc/multiqc_plots/png/fastqc_per_sequence_gc_content_plot_Percentages.png",
                "multiqc/multiqc_plots/png/fastqc_per_sequence_quality_scores_plot.png",
                "multiqc/multiqc_plots/png/fastqc_sequence_counts_plot-cnt.png",
                "multiqc/multiqc_plots/png/fastqc_sequence_counts_plot-pct.png",
                "multiqc/multiqc_plots/png/fastqc_sequence_duplication_levels_plot.png",
                "multiqc/multiqc_plots/png/fastqc_sequence_length_distribution_plot.png",
                "multiqc/multiqc_plots/png/fastqc_top_overrepresented_sequences_table.png",
                "multiqc/multiqc_plots/png/general_stats_table.png",
                "multiqc/multiqc_plots/svg",
                "multiqc/multiqc_plots/svg/cutadapt_filtered_reads_plot-cnt.svg",
                "multiqc/multiqc_plots/svg/cutadapt_filtered_reads_plot-pct.svg",
                "multiqc/multiqc_plots/svg/cutadapt_trimmed_sequences_plot_5_Counts.svg",
                "multiqc/multiqc_plots/svg/cutadapt_trimmed_sequences_plot_5_Obs_Exp.svg",
                "multiqc/multiqc_plots/svg/fastqc-status-check-heatmap.svg",
                "multiqc/multiqc_plots/svg/fastqc_adapter_content_plot.svg",
                "multiqc/multiqc_plots/svg/fastqc_overrepresented_sequences_plot.svg",
                "multiqc/multiqc_plots/svg/fastqc_per_base_n_content_plot.svg",
                "multiqc/multiqc_plots/svg/fastqc_per_base_sequence_quality_plot.svg",
                "multiqc/multiqc_plots/svg/fastqc_per_sequence_gc_content_plot_Counts.svg",
                "multiqc/multiqc_plots/svg/fastqc_per_sequence_gc_content_plot_Percentages.svg",
                "multiqc/multiqc_plots/svg/fastqc_per_sequence_quality_scores_plot.svg",
                "multiqc/multiqc_plots/svg/fastqc_sequence_counts_plot-cnt.svg",
                "multiqc/multiqc_plots/svg/fastqc_sequence_counts_plot-pct.svg",
                "multiqc/multiqc_plots/svg/fastqc_sequence_duplication_levels_plot.svg",
                "multiqc/multiqc_plots/svg/fastqc_sequence_length_distribution_plot.svg",
                "multiqc/multiqc_plots/svg/fastqc_top_overrepresented_sequences_table.svg",
                "multiqc/multiqc_plots/svg/general_stats_table.svg",
                "multiqc/multiqc_report.html",
                "overall_summary.tsv",
                "phyloseq",
                "phyloseq/dada2_phyloseq.rds",
                "pipeline_info",
                "pipeline_info/software_versions.yml",
                "summary_report",
                "summary_report/dada2_taxonomic_classification_per_taxonomy_level.svg",
                "summary_report/rrna_detection_with_barrnap.svg",
                "summary_report/stacked_barchart_of_reads.svg",
                "summary_report/summary_report.html",
                "summary_report/versions.yml",
                "treesummarizedexperiment",
                "treesummarizedexperiment/dada2_TreeSummarizedExperiment.rds"
            ],
            "overall_summary.tsv:md5,a289a49d3afc66ef334f3c08bd933c25",
            "rrna.arc.gff:md5,b29c2ddec54aa1ee2f7607e0dd46bf97",
            "rrna.bac.gff:md5,15c5fa3b75684c42d60174b77fa87a09",
            "rrna.euk.gff:md5,1978664ae39a761f9082ae605c026182",
            "rrna.mito.gff:md5,df19e1b84ba6f691d20c72b397c88abf",
            "cutadapt_summary.tsv:md5,cde6a72b1f0daccb7b69727834fbb9e5",
            "ASV_seqs.fasta:md5,3cc6f93eeee721c63beddfbeae8462e9",
            "ASV_table.tsv:md5,b7f193b12f02f33f4e03e7bfed8ae5c0",
            "ref_taxonomy.rdp_18.txt:md5,c20d8e186e2893ba7818a0115edb013e",
            "DADA2_stats.tsv:md5,ce4ebd6936bd78f337870c04ee671070",
            "DADA2_table.rds:md5,ef8051d016bb7a868401528982e9920f",
            "DADA2_table.tsv:md5,ac91dd7c8a73df76b8143b60bc646c6c",
            "Samplesheet.tsv:md5,dbf8d1a2b7933dab9e5a139f33c2b1f4",
            "multiqc_fastqc.txt:md5,75d0463a8b94a5dec14c3fb5b82169cd",
            "multiqc_general_stats.txt:md5,1662178e2c1ac6cb0880f95c1746ce81",
            "multiqc_cutadapt.txt:md5,15ff9f378c1d8fb01fdd40b8010862d4"
        ],
        "meta": {
            "nf-test": "0.9.2",
            "nextflow": "25.04.2"
        },
        "timestamp": "2025-06-12T17:05:53.962198512"
    }
}