{
    "input": {
        "content": [
            "Samplesheet.tsv:md5,dbf8d1a2b7933dab9e5a139f33c2b1f4"
        ],
        "timestamp": "2023-04-27T18:08:22+0000"
    },
    "software_versions": {
        "content": [
            "software_versions.yml:md5,1dd46874a3d6a44fd9ef4717e2d53ac9"
        ],
        "timestamp": "2023-04-27T18:08:22+0000"
    },
    "cutadapt": {
        "content": [
            "cutadapt_summary.tsv:md5,5d02749984a811479e7d534fda75163f"
        ],
        "timestamp": "2023-04-27T18:08:22+0000"
    },
    "overall_summary_tsv": {
        "content": [
            "overall_summary.tsv:md5,3231d6ee72b9a1e7742e5605caaff05a"
        ],
        "timestamp": "2023-04-27T18:08:22+0000"
    },
    "dada2": {
        "content": [
            "ASV_seqs.fasta:md5,864c3e0dc9b4a7649beee0c8665dceb5",
            "ASV_table.tsv:md5,2618251e597593e4d716dd9bed095539",
            "DADA2_stats.tsv:md5,54a1ac8d6c5a3ff15f700c4b2dd40c86",
            "DADA2_table.rds:md5,d095501019ce7ebccfa0eb801db1ed29",
            "DADA2_table.tsv:md5,5c9fb0bfd70da165f0ce6a361bfe0b43"
        ],
        "timestamp": "2023-04-27T18:08:22+0000"
    },
    "barrnap": {
        "content": [
            "rrna.arc.gff:md5,6dae470aace9293d5eb8c318584852dd",
            "rrna.bac.gff:md5,439a9084f089120f700f938dfb58fa41",
            "rrna.euk.gff:md5,c9bc1d9d8fb77dc19c95dee2d53840eb",
            "rrna.mito.gff:md5,df19e1b84ba6f691d20c72b397c88abf"
        ],
        "timestamp": "2023-04-27T18:08:22+0000"
    },
    "multiqc": {
        "content": [
            "multiqc_fastqc.txt:md5,3a4417c7d95a9bbe17751dc974157cd3",
            "multiqc_general_stats.txt:md5,88c2b9e6d02b83afe4f9551e6c9a91a7",
            "multiqc_cutadapt.txt:md5,330a7b72dc671ca99fcb3fb84b6776c1"
        ],
        "timestamp": "2023-04-27T18:08:22+0000"
    }
}