Missing input declaration: One of `--input`, `--input_fasta`, `--input_folder` is required.
